C51 COMPILER V9.59.0.0   PROJ5                                                             04/22/2019 18:05:02 PAGE 1   


C51 COMPILER V9.59.0.0, COMPILATION OF MODULE PROJ5
OBJECT MODULE PLACED IN .\Objects\proj5.obj
COMPILER INVOKED BY: C:\Keil_v5\C51\BIN\C51.EXE proj5.c OPTIMIZE(8,SPEED) BROWSE DEBUG OBJECTEXTEND CODE PRINT(.\Listing
                    -s\proj5.lst) TABS(2) OBJECT(.\Objects\proj5.obj)

line level    source

   1          #include <REG517A.H>
   2          
   3          #define TH1_VALUE 204   //Para Baudrate = 1200bps
   4          
   5          unsigned int light = 0;
   6          
   7          void timer1_inicializa() {
   8   1        TR1 = 0;                        //Desliga o Timer 01
   9   1        TMOD = (TMOD & 0x0F) | 0x20;    //Coloca o Timer 01 no Modo 2
  10   1        TH1 = TH1_VALUE;                //Atribui o valor de reload
  11   1        TR1 = 1;                        //Liga o Timer 01
  12   1      }
  13          
  14          void serial1_inicializa() {
  15   1        SM0 = 0;
  16   1        SM1 = 1;
  17   1        EAL = 1;                          //Habilita tratamento de interupções
  18   1        ES0 = 1;                          //Habilita as interrupções da serial
  19   1        S0CON = (S0CON & 0x0F) | 0x70;    //01010000 em Decimal - Definindo SM0 e SM1 como 01 (Serial no Modo 01)
  20   1        PCON = (PCON & 0x7F) | 0x80;    //SMOD com valor 01 na fórmula do Baundrate
  21   1        REN0 = 1;                       //Habilita a recepção
  22   1      }
  23          
  24          void serial_isr (void) interrupt 4 using 2 {
  25   1        
  26   1        if(RI0) {                         //Verifica se a interrupção é de recepção
  27   2          RI0 = 0;
  28   2          if(S0BUF > 47 &&  S0BUF < 58){
  29   3            light = S0BUF - 48;
  30   3            CMH0 = 0xFF - 25*light;
  31   3            CMH1 = 0xFF - 25*light; //25 eh porque eu dividi minha luminosidade em 10 niveis
  32   3            CMH2 = 0xFF - 25*light; //0 seria o nivel maximo, pois eu nao vou diminuir a luminosidade de forma algu
             -ma
  33   3            CMH3 = 0xFF - 25*light; //9 seria a luminosidade minima, pois ai eu diminuo ao nivel maximo a luminosid
             -ade
  34   3            CMH4 = 0xFF - 25*light; //255 luz maxima
  35   3            CMH5 = 0xFF - 25*light; // 255 - 25 * 9(que vem do input) luminosidade minima
  36   3            CMH6 = 0xFF - 25*light;
  37   3            CMH7 = 0xFF - 25*light;
  38   3            
  39   3            CML0 = 0xFF - 25*light;
  40   3            CML1 = 0xFF - 25*light;
  41   3            CML2 = 0xFF - 25*light;
  42   3            CML3 = 0xFF - 25*light;
  43   3            CML4 = 0xFF - 25*light;
  44   3            CML5 = 0xFF - 25*light;
  45   3            CML6 = 0xFF - 25*light;
  46   3            CML7 = 0xFF - 25*light;
  47   3            
  48   3          }
  49   2        }
  50   1      }
  51          
  52          void pwm_start() {
C51 COMPILER V9.59.0.0   PROJ5                                                             04/22/2019 18:05:02 PAGE 2   

  53   1        CMSEL = (CMSEL | 0xFF);
  54   1        CMEN = (CMEN | 0xFF);
  55   1        CTRELL = 0xFF;
  56   1        CTRELH = 0xFF;
  57   1        CTCON = (CTCON & 0xF8);
  58   1      }
  59          
  60          void main() { 
  61   1        timer1_inicializa();
  62   1        serial1_inicializa();
  63   1        pwm_start();
  64   1          while(1){
  65   2          }
  66   1      }
C51 COMPILER V9.59.0.0   PROJ5                                                             04/22/2019 18:05:02 PAGE 3   

ASSEMBLY LISTING OF GENERATED OBJECT CODE


             ; FUNCTION timer1_inicializa (BEGIN)
                                           ; SOURCE LINE # 7
                                           ; SOURCE LINE # 8
0000 C28E              CLR     TR1
                                           ; SOURCE LINE # 9
0002 E589              MOV     A,TMOD
0004 540F              ANL     A,#0FH
0006 4420              ORL     A,#020H
0008 F589              MOV     TMOD,A
                                           ; SOURCE LINE # 10
000A 758DCC            MOV     TH1,#0CCH
                                           ; SOURCE LINE # 11
000D D28E              SETB    TR1
                                           ; SOURCE LINE # 12
000F 22                RET     
             ; FUNCTION timer1_inicializa (END)

             ; FUNCTION serial1_inicializa (BEGIN)
                                           ; SOURCE LINE # 14
                                           ; SOURCE LINE # 15
0000 C29F              CLR     SM0
                                           ; SOURCE LINE # 16
0002 D29E              SETB    SM1
                                           ; SOURCE LINE # 17
0004 D2AF              SETB    EAL
                                           ; SOURCE LINE # 18
0006 D2AC              SETB    ES0
                                           ; SOURCE LINE # 19
0008 E598              MOV     A,S0CON
000A 540F              ANL     A,#0FH
000C 4470              ORL     A,#070H
000E F598              MOV     S0CON,A
                                           ; SOURCE LINE # 20
0010 E587              MOV     A,PCON
0012 547F              ANL     A,#07FH
0014 4480              ORL     A,#080H
0016 F587              MOV     PCON,A
                                           ; SOURCE LINE # 21
0018 D29C              SETB    REN0
                                           ; SOURCE LINE # 22
001A 22                RET     
             ; FUNCTION serial1_inicializa (END)

             ; FUNCTION serial_isr (BEGIN)
0000 C0E0              PUSH    ACC
0002 C0F0              PUSH    B
0004 C0D0              PUSH    PSW
0006 75D010            MOV     PSW,#010H
                                           ; SOURCE LINE # 24
                                           ; SOURCE LINE # 26
0009 209803            JB      RI0,$ + 6H
000C 020000      R     LJMP    ?C0005
                                           ; SOURCE LINE # 27
000F C298              CLR     RI0
                                           ; SOURCE LINE # 28
0011 AF99              MOV     R7,S0BUF
0013 D3                SETB    C
0014 EF                MOV     A,R7
0015 942F              SUBB    A,#02FH
C51 COMPILER V9.59.0.0   PROJ5                                                             04/22/2019 18:05:02 PAGE 4   

0017 7480              MOV     A,#080H
0019 9480              SUBB    A,#080H
001B 4073              JC      ?C0005
001D AF99              MOV     R7,S0BUF
001F EF                MOV     A,R7
0020 943A              SUBB    A,#03AH
0022 7480              MOV     A,#080H
0024 9480              SUBB    A,#080H
0026 5068              JNC     ?C0005
                                           ; SOURCE LINE # 29
0028 AF99              MOV     R7,S0BUF
002A EF                MOV     A,R7
002B 24D0              ADD     A,#0D0H
002D F500        R     MOV     light+01H,A
002F E4                CLR     A
0030 34FF              ADDC    A,#0FFH
0032 F500        R     MOV     light,A
                                           ; SOURCE LINE # 30
0034 AF00        R     MOV     R7,light+01H
0036 EF                MOV     A,R7
0037 75F019            MOV     B,#019H
003A A4                MUL     AB
003B FE                MOV     R6,A
003C C3                CLR     C
003D 74FF              MOV     A,#0FFH
003F 9E                SUBB    A,R6
0040 F5D3              MOV     CMH0,A
                                           ; SOURCE LINE # 31
0042 F5D5              MOV     CMH1,A
                                           ; SOURCE LINE # 32
0044 C3                CLR     C
0045 74FF              MOV     A,#0FFH
0047 9E                SUBB    A,R6
0048 F5D7              MOV     CMH2,A
                                           ; SOURCE LINE # 33
004A F5E3              MOV     CMH3,A
                                           ; SOURCE LINE # 34
004C EF                MOV     A,R7
004D 75F019            MOV     B,#019H
0050 A4                MUL     AB
0051 FF                MOV     R7,A
0052 C3                CLR     C
0053 74FF              MOV     A,#0FFH
0055 9F                SUBB    A,R7
0056 F5E5              MOV     CMH4,A
                                           ; SOURCE LINE # 35
0058 F5E7              MOV     CMH5,A
                                           ; SOURCE LINE # 36
005A C3                CLR     C
005B 74FF              MOV     A,#0FFH
005D 9F                SUBB    A,R7
005E F5F3              MOV     CMH6,A
                                           ; SOURCE LINE # 37
0060 F5F5              MOV     CMH7,A
                                           ; SOURCE LINE # 39
0062 AF00        R     MOV     R7,light+01H
0064 EF                MOV     A,R7
0065 75F019            MOV     B,#019H
0068 A4                MUL     AB
0069 FE                MOV     R6,A
006A C3                CLR     C
006B 74FF              MOV     A,#0FFH
C51 COMPILER V9.59.0.0   PROJ5                                                             04/22/2019 18:05:02 PAGE 5   

006D 9E                SUBB    A,R6
006E F5D2              MOV     CML0,A
                                           ; SOURCE LINE # 40
0070 F5D4              MOV     CML1,A
                                           ; SOURCE LINE # 41
0072 C3                CLR     C
0073 74FF              MOV     A,#0FFH
0075 9E                SUBB    A,R6
0076 F5D6              MOV     CML2,A
                                           ; SOURCE LINE # 42
0078 F5E2              MOV     CML3,A
                                           ; SOURCE LINE # 43
007A EF                MOV     A,R7
007B 75F019            MOV     B,#019H
007E A4                MUL     AB
007F FF                MOV     R7,A
0080 C3                CLR     C
0081 74FF              MOV     A,#0FFH
0083 9F                SUBB    A,R7
0084 F5E4              MOV     CML4,A
                                           ; SOURCE LINE # 44
0086 F5E6              MOV     CML5,A
                                           ; SOURCE LINE # 45
0088 C3                CLR     C
0089 74FF              MOV     A,#0FFH
008B 9F                SUBB    A,R7
008C F5F2              MOV     CML6,A
                                           ; SOURCE LINE # 46
008E F5F4              MOV     CML7,A
                                           ; SOURCE LINE # 48
                                           ; SOURCE LINE # 49
                                           ; SOURCE LINE # 50
0090         ?C0005:
0090 D0D0              POP     PSW
0092 D0F0              POP     B
0094 D0E0              POP     ACC
0096 32                RETI    
             ; FUNCTION serial_isr (END)

             ; FUNCTION pwm_start (BEGIN)
                                           ; SOURCE LINE # 52
                                           ; SOURCE LINE # 53
0000 75F7FF            MOV     CMSEL,#0FFH
                                           ; SOURCE LINE # 54
0003 75F6FF            MOV     CMEN,#0FFH
                                           ; SOURCE LINE # 55
0006 75DEFF            MOV     CTRELL,#0FFH
                                           ; SOURCE LINE # 56
0009 75DFFF            MOV     CTRELH,#0FFH
                                           ; SOURCE LINE # 57
000C 53E1F8            ANL     CTCON,#0F8H
                                           ; SOURCE LINE # 58
000F 22                RET     
             ; FUNCTION pwm_start (END)

             ; FUNCTION main (BEGIN)
                                           ; SOURCE LINE # 60
                                           ; SOURCE LINE # 61
0000 120000      R     LCALL   timer1_inicializa
                                           ; SOURCE LINE # 62
0003 120000      R     LCALL   serial1_inicializa
                                           ; SOURCE LINE # 63
C51 COMPILER V9.59.0.0   PROJ5                                                             04/22/2019 18:05:02 PAGE 6   

0006 120000      R     LCALL   pwm_start
0009         ?C0007:
                                           ; SOURCE LINE # 64
                                           ; SOURCE LINE # 65
0009 80FE              SJMP    ?C0007
             ; FUNCTION main (END)



MODULE INFORMATION:   STATIC OVERLAYABLE
   CODE SIZE        =    221    ----
   CONSTANT SIZE    =   ----    ----
   XDATA SIZE       =   ----    ----
   PDATA SIZE       =   ----    ----
   DATA SIZE        =      2    ----
   IDATA SIZE       =   ----    ----
   BIT SIZE         =   ----    ----
END OF MODULE INFORMATION.


C51 COMPILATION COMPLETE.  0 WARNING(S),  0 ERROR(S)
